2025-05-29 15:23:04,110 [PID 15486] DEBUG Using selector: KqueueSelector
2025-05-29 15:23:04,111 [PID 15486] INFO Reading Pyre server configurations...
2025-05-29 15:23:04,158 [PID 15486] ERROR Uncaught error in persistent.run
Traceback (most recent call last):
  File "/Users/alireza/.local/share/nvim/mason/packages/pyre/venv/lib/python3.12/site-packages/pyre_check/client/commands/persistent.py", line 302, in run
    return asyncio.get_event_loop().run_until_complete(
           ^^^^^^^^^^^^^^^^^^^^^^^^^^^^^^^^^^^^^^^^^^^^
  File "/Users/alireza/.pyenv/versions/3.12.4/lib/python3.12/asyncio/base_events.py", line 687, in run_until_complete
    return future.result()
           ^^^^^^^^^^^^^^^
  File "/Users/alireza/.local/share/nvim/mason/packages/pyre/venv/lib/python3.12/site-packages/pyre_check/client/commands/persistent.py", line 225, in run_persistent
    initial_server_options = pyre_server_options.read_server_options(
                             ^^^^^^^^^^^^^^^^^^^^^^^^^^^^^^^^^^^^^^^^
  File "/Users/alireza/.local/share/nvim/mason/packages/pyre/venv/lib/python3.12/site-packages/pyre_check/client/commands/pyre_server_options.py", line 130, in read_server_options
    return server_options_reader()
           ^^^^^^^^^^^^^^^^^^^^^^^
  File "/Users/alireza/.local/share/nvim/mason/packages/pyre/venv/lib/python3.12/site-packages/pyre_check/client/commands/pyre_server_options.py", line 115, in read
    return PyreServerOptions.create(
           ^^^^^^^^^^^^^^^^^^^^^^^^^
  File "/Users/alireza/.local/share/nvim/mason/packages/pyre/venv/lib/python3.12/site-packages/pyre_check/client/commands/pyre_server_options.py", line 95, in create
    start_arguments = start.create_server_arguments(
                      ^^^^^^^^^^^^^^^^^^^^^^^^^^^^^^
  File "/Users/alireza/.local/share/nvim/mason/packages/pyre/venv/lib/python3.12/site-packages/pyre_check/client/commands/start.py", line 316, in create_server_arguments
    source_paths = backend_arguments.get_source_path_for_server(
                   ^^^^^^^^^^^^^^^^^^^^^^^^^^^^^^^^^^^^^^^^^^^^^
  File "/Users/alireza/.local/share/nvim/mason/packages/pyre/venv/lib/python3.12/site-packages/pyre_check/client/backend_arguments.py", line 398, in get_source_path_for_server
    return get_source_path(configuration, artifact_root_name, flavor, watchman_root)
           ^^^^^^^^^^^^^^^^^^^^^^^^^^^^^^^^^^^^^^^^^^^^^^^^^^^^^^^^^^^^^^^^^^^^^^^^^
  File "/Users/alireza/.local/share/nvim/mason/packages/pyre/venv/lib/python3.12/site-packages/pyre_check/client/backend_arguments.py", line 379, in get_source_path
    raise configuration_module.InvalidConfiguration(
pyre_check.client.configuration.exceptions.InvalidConfiguration: Invalid configuration: Cannot find any source files to analyze. Either `source_directories` or `targets` must be specified.
